  
  [31mMessage.[39m
  
  [31m[2mtests.add (test/fixtures/fails.js:8:9)
  Object.<anonymous> (test/fixtures/fails.js:41:7)[39m[22m
  
  [31mMessage.[39m
  
  [31mMessage.[39m
  
  [31mInput A expected to strictly equal input B:
  + expected - actual
  
  - 0
  + 1[39m
  
  [31m[2mtests.add (test/fixtures/fails.js:24:3)
  Object.<anonymous> (test/fixtures/fails.js:41:7)[39m[22m
  
  [31mMessage.[39m
  
  [31m[2mtests.add (test/fixtures/fails.js:27:3)
  Object.<anonymous> (test/fixtures/fails.js:41:7)[39m[22m
  
  [31m{ message: 'Message.' }[39m
  
  [31m{}[39m
  
  [31m'Message.'[39m
  
  [31mnull[39m
