  
  [31mError: Message.
      <stack trace>[39m
  
  [31mMessage.[39m
  
  [31m[Error: Message.][39m
  
  [31mAssertionError [ERR_ASSERTION]: Expected values to be strictly equal:
  
  0 !== 1
  
      <stack trace>[39m
  
  [31mAssertionError [ERR_ASSERTION]: Message.
      <stack trace>[39m
  
  [31m{ message: 'Message.' }[39m
  
  [31m{}[39m
  
  [31m'Message.'[39m
  
  [31mnull[39m

[1m[31m0/9 tests passed.[39m[22m

