  
  [31mMessage.[39m
  
  [2m[31mtest/fixtures/fails.js:8:9
  Object.<anonymous> (test/fixtures/fails.js:41:7)[22m[39m
  
  [31mMessage.[39m
  
  [31mMessage.[39m
  
  [31mExpected values to be strictly equal:
  
  0 !== 1[39m
  
  [2m[31mtest/fixtures/fails.js:24:3
  Object.<anonymous> (test/fixtures/fails.js:41:7)[22m[39m
  
  [31mMessage.[39m
  
  [2m[31mtest/fixtures/fails.js:27:3
  Object.<anonymous> (test/fixtures/fails.js:41:7)[22m[39m
  
  [31m{ message: 'Message.' }[39m
  
  [31m{}[39m
  
  [31m'Message.'[39m
  
  [31mnull[39m

[1m[31m0/9 tests passed.[22m[39m

