    
    [31mMessage.[39m
    
    [2m[31mtest/fixtures/nested.js:11:11
    test/fixtures/nested.js:14:15
    Object.<anonymous> (test/fixtures/nested.js:17:7)[22m[39m
  
  [31m[1m[31m0/1 tests passed.[22m[39m[31m[39m
  
  test/fixtures/nested.js:14:15
  Object.<anonymous> (test/fixtures/nested.js:17:7)[22m[39m

[1m[31m0/1 tests passed.[22m[39m

